<p>This is a file that includes a partial.</p>

<p>This is an included partial.</p>

This is an example.


