<div>
    I'm so rich I have $3.

    ooffoo

    I have body
    should be printed

    <ul>
    <li>Jan</li>
    <li>Piet</li>
    </ul>

    Jan,Piet

    <p>This is an example.</p>
</div>

